

*******************************************************************************
Fri Mar 13 13:58:22 2026


FIT:    data read from "out.times.data" using 1:2
        format = x:z
BREAK: No data to fit

*******************************************************************************
Fri Mar 13 14:01:42 2026


FIT:    data read from "out.times.data" using 1:2
        format = x:z
        #datapoints = 6
        residuals are weighted equally (unit weight)

function used for fitting: f(x)
	f(x)=a*x**3
fitted parameters initialized with current variable values

iter      chisq       delta/lim  lambda   a            
   0 9.0392960000e-03   0.00e+00  4.59e-02    1.000000e-08
   3 6.1513193464e-04  -7.74e-02  4.59e-05    1.816682e-08

After 3 iterations the fit converged.
final sum of squares of residuals : 0.000615132
rel. change during last iteration : -7.73773e-07

degrees of freedom    (FIT_NDF)                        : 5
rms of residuals      (FIT_STDFIT) = sqrt(WSSR/ndf)    : 0.0110917
variance of residuals (reduced chisquare) = WSSR/ndf   : 0.000123026

Final set of parameters            Asymptotic Standard Error
=======================            ==========================
a               = 1.81668e-08      +/- 9.869e-10    (5.433%)


*******************************************************************************
Fri Mar 13 14:03:18 2026


FIT:    data read from "out.times.data" using 1:2
        format = x:z
        #datapoints = 6
        residuals are weighted equally (unit weight)

function used for fitting: f(x)
	f(x)=a*x**3
fitted parameters initialized with current variable values

iter      chisq       delta/lim  lambda   a            
   0 3.3856960000e-03   0.00e+00  4.59e-02    1.000000e-08
   3 4.8945206902e-05  -3.85e-01  4.59e-05    1.513986e-08

After 3 iterations the fit converged.
final sum of squares of residuals : 4.89452e-05
rel. change during last iteration : -3.85184e-06

degrees of freedom    (FIT_NDF)                        : 5
rms of residuals      (FIT_STDFIT) = sqrt(WSSR/ndf)    : 0.00312874
variance of residuals (reduced chisquare) = WSSR/ndf   : 9.78904e-06

Final set of parameters            Asymptotic Standard Error
=======================            ==========================
a               = 1.51399e-08      +/- 2.784e-10    (1.839%)


*******************************************************************************
Fri Mar 13 14:04:11 2026


FIT:    data read from "out.times.data" using 1:2
        format = x:z
        #datapoints = 21
        residuals are weighted equally (unit weight)

function used for fitting: f(x)
	f(x)=a*x**3
fitted parameters initialized with current variable values

iter      chisq       delta/lim  lambda   a            
   0 1.9159099840e+00   0.00e+00  5.52e-01    1.000000e-08
   3 1.4949477874e-02  -5.95e-03  5.52e-04    1.545307e-08

After 3 iterations the fit converged.
final sum of squares of residuals : 0.0149495
rel. change during last iteration : -5.95182e-08

degrees of freedom    (FIT_NDF)                        : 20
rms of residuals      (FIT_STDFIT) = sqrt(WSSR/ndf)    : 0.02734
variance of residuals (reduced chisquare) = WSSR/ndf   : 0.000747474

Final set of parameters            Asymptotic Standard Error
=======================            ==========================
a               = 1.54531e-08      +/- 1.081e-10    (0.6997%)


*******************************************************************************
Fri Mar 13 14:04:42 2026


FIT:    data read from "out.times.data" using 1:2
        format = x:z
        #datapoints = 9
        residuals are weighted equally (unit weight)

function used for fitting: f(x)
	f(x)=a*x**3
fitted parameters initialized with current variable values

iter      chisq       delta/lim  lambda   a            
   0 1.0611312500e+00   0.00e+00  5.86e-01    1.000000e-08
   3 3.7275482156e-03  -3.49e-01  5.86e-04    1.584861e-08

After 3 iterations the fit converged.
final sum of squares of residuals : 0.00372755
rel. change during last iteration : -3.49436e-06

degrees of freedom    (FIT_NDF)                        : 8
rms of residuals      (FIT_STDFIT) = sqrt(WSSR/ndf)    : 0.0215857
variance of residuals (reduced chisquare) = WSSR/ndf   : 0.000465944

Final set of parameters            Asymptotic Standard Error
=======================            ==========================
a               = 1.58486e-08      +/- 1.228e-10    (0.7747%)


*******************************************************************************
Fri Mar 13 14:14:35 2026


FIT:    data read from "out.times.data" using 1:2
        format = x:z
        #datapoints = 9
        residuals are weighted equally (unit weight)

function used for fitting: f(x)
	f(x)=a*x**3
fitted parameters initialized with current variable values

iter      chisq       delta/lim  lambda   a            
   0 1.2829562500e+00   0.00e+00  5.86e-01    1.000000e-08
   3 1.9637317757e-03  -8.04e-01  5.86e-04    1.643733e-08

After 3 iterations the fit converged.
final sum of squares of residuals : 0.00196373
rel. change during last iteration : -8.03554e-06

degrees of freedom    (FIT_NDF)                        : 8
rms of residuals      (FIT_STDFIT) = sqrt(WSSR/ndf)    : 0.0156674
variance of residuals (reduced chisquare) = WSSR/ndf   : 0.000245466

Final set of parameters            Asymptotic Standard Error
=======================            ==========================
a               = 1.64373e-08      +/- 8.911e-11    (0.5421%)
